runs/llm_anon_nofb_s8 32/32 best=3.379
runs/llm_anon_nofb_s9 32/32 best=1.681
runs/llm_anon_nofb_s10 32/32 best=3.653
runs/llm_anon_nofb_s11 32/32 best=1.958
runs/llm_anon_nofb_s12 32/32 best=1.744
runs/llm_anon_nofb_s13 32/32 best=4.524
runs/llm_anon_nofb_s14 32/32 best=3.241
runs/llm_anon_nofb_s15 32/32 best=3.590
runs/llm_anon_nofb_s16 32/32 best=1.172
runs/llm_anon_nofb_s17 32/32 best=1.801
runs/llm_anon_nofb_s18 32/32 best=3.759
runs/llm_anon_nofb_s19 32/32 best=1.605
runs/llm_anon_nofb_s20 32/32 best=3.658
runs/llm_anon_nofb_s21 32/32 best=1.259
runs/llm_anon_nofb_s22 32/32 best=0.925
runs/llm_anon_nofb_s23 32/32 best=1.973
runs/llm_anon_nofb_s24 32/32 best=0.537
runs/llm_anon_nofb_s25 32/32 best=3.589
runs/llm_anon_nofb_s26 32/32 best=1.176
⚠ 这些任务花了算力但样本量没涨（多半是 reeval 没覆盖到对应的 root）：
   runs_k4/llm_anon_fb  n 12 → 12  花了 288 次训练
   runs/sparse12  n 8 → 8  花了 736 次训练
   runs/llm_anon_fb  n 8 → 8  花了 928 次训练
   runs/evo  n 8 → 8  花了 512 次训练
   runs/sparse8  n 8 → 8  花了 608 次训练
   runs/llm_named_nofb  n 13 → 13  花了 64 次训练
   runs_k4/evo  n 12 → 12  花了 384 次训练
   runs/llm_named_fb  n 8 → 8  花了 832 次训练
   runs/sparse3  n 8 → 8  花了 384 次训练
   runs_dense/evo  n 8 → 8  花了 320 次训练
   runs/sparse14  n 8 → 8  花了 320 次训练
   runs/sparse2  n 8 → 8  花了 512 次训练
   runs/sparse5  n 24 → 24  花了 256 次训练
status changes: [('d_anon_fb', 'underpowered', 'supported'), ('d_anon_nofb', 'underpowered', 'supported')]
claim                     status                                effect    p_adj  statement
------------------------------------------------------------------------------------------------------------------------------------
c_dense_named_nofb        supported             1.08 vs 0.50 (d=+0.54)   0.0047  诱饵密集空间里，纯语义先验交付的设计真实质量优于随机
c_k4_named_nofb           supported             1.18 vs 0.52 (d=+0.58)   0.0083  同算力下改用 8 设计 x 4 内层种子，纯语义先验真实质量优于随机
c_winners_curse           supported                  rho=+0.38 (n=339)   0.0000  外层报出来的 best-so-far 与设计真实质量相关
d_anon_fb                 supported             0.14 vs 0.21 (d=-0.50)   0.0386  匿名·有反馈的精英诱饵占比低于随机
d_anon_nofb               supported             0.16 vs 0.21 (d=-0.40)   0.0216  匿名·无反馈的精英诱饵占比低于随机（协议对照：应当不显著）
d_named_fb                supported             0.00 vs 0.21 (d=-1.00)   0.0000  命名·有反馈的精英诱饵占比低于随机
d_named_nofb              supported             0.02 vs 0.21 (d=-0.92)   0.0000  命名·无反馈的精英诱饵占比低于随机
k4_named_nofb2            supported             1.18 vs 0.52 (d=+0.58)   0.0415  k=4 下命名·无反馈优于随机（第九环的重复）
c_anon_fb_k1              underpowered          1.21 vs 0.97 (d=+0.17)   1.0000  匿名+反馈真实质量优于随机
c_anon_nofb_k1            underpowered          1.10 vs 0.97 (d=+0.11)   1.0000  匿名·无反馈（结构先验）真实质量优于随机
c_dense_evo               underpowered          0.46 vs 0.50 (d=-0.20)   0.7982  诱饵密集空间里，变异精英真实质量优于随机
c_evo_k1                  underpowered          0.75 vs 0.97 (d=-0.04)   1.0000  变异精英（选择压力）真实质量优于随机
c_named_fb_k1             underpowered          0.85 vs 0.97 (d=-0.10)   1.0000  命名+反馈的完整 Eureka 式循环，真实质量优于随机
c_named_nofb_k1           underpowered          1.10 vs 0.97 (d=+0.15)   1.0000  纯语义先验（零反馈）交付的设计，真实质量优于随机
c_sparse12                underpowered          1.23 vs 0.97 (d=+0.20)   1.0000  恰好激活 12 项的稀疏提议，真实质量优于随机
c_sparse14                underpowered          1.02 vs 0.97 (d=+0.08)   1.0000  恰好激活 14 项的稀疏提议，真实质量优于随机
c_sparse2                 underpowered          0.91 vs 0.97 (d=+0.02)   1.0000  恰好激活 2 项的稀疏提议，真实质量优于随机
c_sparse3                 underpowered          1.05 vs 0.97 (d=+0.12)   1.0000  恰好激活 3 项的稀疏提议，真实质量优于随机
c_sparse5                 underpowered          0.96 vs 0.97 (d=+0.03)   1.0000  恰好激活 5 项的稀疏提议，真实质量优于随机
c_sparse5_replication     underpowered          0.96 vs 0.97 (d=+0.03)   0.4385  sparse5 在全新种子上仍然优于随机（预注册重复）
c_sparse8                 underpowered          0.76 vs 0.97 (d=-0.17)   1.0000  恰好激活 8 项的稀疏提议，真实质量优于随机
k4_anon_fb                underpowered          0.77 vs 0.52 (d=+0.31)   0.2145  k=4 下匿名·有反馈优于随机
k4_anon_nofb              underpowered          0.86 vs 0.52 (d=+0.34)   0.2122  k=4 下匿名·无反馈优于随机
k4_evo                    underpowered          0.64 vs 0.52 (d=-0.01)   0.5230  k=4 下变异精英优于随机
k4_named_fb               underpowered          0.81 vs 0.52 (d=+0.36)   0.2122  k=4 下命名·有反馈优于随机
d_evo                     not_supported         0.29 vs 0.21 (d=+0.56)   0.9923  选择压力能降低精英的诱饵占比
------------------------------------------------------------------------------------------------------------------------------------
  supported           8 / 26
  underpowered       17 / 26
  not_supported       1 / 26
BATCH_DONE
