240 trainings
/Users/yyf-claw-pc/Documents/rsi-robot/.venv/lib/python3.11/site-packages/scipy/stats/_wilcoxon.py:181: RuntimeWarning: invalid value encountered in scalar divide
  z = (r_plus - mn) / se

base design: mean 1.18  std 1.18

  k 判为有害的项                                        TP  FP     召回     精确率     总训练次数
  1 hop                                            0   1   0.00    0.00        15
  2                                                0   0   0.00     nan        30
  4                                                0   0   0.00     nan        60
  8 stand_still                                    1   0   0.33    1.00       120
 16 back_vel,stand_still                           2   0   0.67    1.00       240

外层循环一整轮的预算 = 32 次训练

每一项的配对差值（16 个种子）：
  back_vel       harmful  Δ= -1.13 ± 1.35   wilcoxon p=0.0026
  stand_still    harmful  Δ= -0.86 ± 1.14   wilcoxon p=0.0021
  foot_press     harmful  Δ= -0.38 ± 1.34   wilcoxon p=0.1261
  clock          null     Δ= -0.10 ± 1.32   wilcoxon p=0.7834
  pitch_rate     useful   Δ= -0.10 ± 1.49   wilcoxon p=0.3718
  ctrl_cost      useful   Δ= -0.03 ± 1.51   wilcoxon p=0.4104
  y_drift        null     Δ= +0.00 ± 0.00   wilcoxon p=nan
  foot_clear     useful   Δ= +0.08 ± 1.40   wilcoxon p=0.4699
  upright        useful   Δ= +0.17 ± 1.89   wilcoxon p=0.5100
  energy         useful   Δ= +0.29 ± 1.51   wilcoxon p=0.6090
  hop            useful   Δ= +0.40 ± 1.48   wilcoxon p=0.8739
  smooth         useful   Δ= +0.42 ± 2.04   wilcoxon p=0.8387
  joint_lim      useful   Δ= +0.61 ± 1.73   wilcoxon p=0.8511
  progress       useful   Δ= +0.77 ± 1.71   wilcoxon p=0.9036
